// 重构日志: b70c33b0
// 重构日志: 87d8e49d
// 重构日志: 8a5f9bb2
// 同步 ID: 4aa4e0e5 @ Mon Jul 20 00:01:58 UTC 2026
// 重构日志: 7c88df29
// 重构日志: 0a5fc13d
// 重构日志: e8445df8
// 重构日志: 595919d1
// 重构日志: 75641dd1
// 重构日志: 8b7e2636
// 同步 ID: ad25dd5c @ Tue Jul 28 16:41:11 UTC 2026
// 重构日志: 9a117949
// 重构日志: 73d134f3
// 同步 ID: 1461e15d @ Fri Jul 31 22:26:18 UTC 2026
// 重构日志: 63224174
// 重构日志: e08a1031
// 同步 ID: c2a237f6 @ Sun Aug  2 12:57:52 UTC 2026
// 同步 ID: 277c8294 @ Mon Aug  3 11:48:12 UTC 2026
// 同步 ID: 395f0dfe @ Tue Aug  4 08:38:41 UTC 2026
// 同步 ID: 7c263305 @ Fri Aug  7 07:02:10 UTC 2026
// 重构日志: a6572ec6
// 重构日志: dedcbc49
